enum QType
    prefix QTYPE
    member none:
    member qnull:
    member qnum:
    member qstring:
    member qdict:
    member qlist:
    member qbool:
object q_empty
