enum QType
    prefix QTYPE
    member none:
    member qnull:
    member qnum:
    member qstring:
    member qdict:
    member qlist:
    member qbool:
enum Status
    member good:
    member bad:
    member ugly:
object q_empty
