enum QType
    prefix QTYPE
    member none:
    member qnull:
    member qnum:
    member qstring:
    member qdict:
    member qlist:
    member qbool:
command eins None -> None
   gen=True success_response=True boxed=False
object q_empty
command zwei None -> None
   gen=True success_response=True boxed=False
