enum QType
    prefix QTYPE
    member none:
    member qnull:
    member qnum:
    member qstring:
    member qdict:
    member qlist:
    member qbool:
object foo
    member a: str optional=False
object q_empty
