................................................
----------------------------------------------------------------------
Ran 48 tests

OK
