.................................................
----------------------------------------------------------------------
Ran 49 tests

OK
