....................................................................................
----------------------------------------------------------------------
Ran 84 tests

OK
