QA output created by 113

=== Unsupported image creation in qemu-img create ===

qemu-img: error: nbd://example.com: Format driver 'bochs' does not support image creation

=== Unsupported image creation in qemu-img convert ===

qemu-img: error: Format driver 'bochs' does not support image creation

=== Unsupported format in qemu-img amend ===

Formatting 'TEST_DIR/t.IMGFMT', fmt=IMGFMT size=1048576
qemu-img: error: Format driver 'IMGFMT' does not support option amendment

*** done
