QA output created by 115

=== Testing large refcount and L1 table ===

Formatting 'TEST_DIR/t.IMGFMT', fmt=IMGFMT preallocation=metadata size=268435456
No errors were found on the image.
100.00% allocated clusters
*** done
