QA output created by 146

=== Testing VPC Autodetect ===

[                       0]     136363130880 bytes not allocated at offset 0 bytes (0)

=== Testing VPC with current_size force ===

[                       0]     136365211648 bytes not allocated at offset 0 bytes (0)

=== Testing VPC with chs force ===

[                       0]     136363130880 bytes not allocated at offset 0 bytes (0)

=== Testing Hyper-V Autodetect ===

[                       0]     136365211648 bytes not allocated at offset 0 bytes (0)

=== Testing Hyper-V with current_size force ===

[                       0]     136365211648 bytes not allocated at offset 0 bytes (0)

=== Testing Hyper-V with chs force ===

[                       0]     136363130880 bytes not allocated at offset 0 bytes (0)

=== Testing d2v Autodetect ===

[                       0]        263454720 bytes     allocated at offset 0 bytes (1)

=== Testing d2v with current_size force ===

[                       0]        263454720 bytes     allocated at offset 0 bytes (1)

=== Testing d2v with chs force ===

[                       0]        263454720 bytes     allocated at offset 0 bytes (1)

=== Testing Image create, default ===

Formatting 'TEST_DIR/IMGFMT-create-test.IMGFMT', fmt=IMGFMT size=4294967296

=== Read created image, default opts ====

[                       0]       4295467008 bytes not allocated at offset 0 bytes (0)

=== Read created image, force_size_calc=chs ====

[                       0]       4295467008 bytes not allocated at offset 0 bytes (0)

=== Read created image, force_size_calc=current_size ====

[                       0]       4295467008 bytes not allocated at offset 0 bytes (0)

=== Testing Image create, force_size ===

Formatting 'TEST_DIR/IMGFMT-create-test.IMGFMT', fmt=IMGFMT size=4294967296 force_size=on

=== Read created image, default opts ====

[                       0]       4294967296 bytes not allocated at offset 0 bytes (0)

=== Read created image, force_size_calc=chs ====

[                       0]       4294967296 bytes not allocated at offset 0 bytes (0)

=== Read created image, force_size_calc=current_size ====

[                       0]       4294967296 bytes not allocated at offset 0 bytes (0)
*** done
