QA output created by 175
Formatting 'TEST_DIR/t.IMGFMT', fmt=IMGFMT size=16777216 encryption-format=luks luks-key-secret=sec0 luks-iter-time=10

== reading whole image ==
read 16777216/16777216 bytes at offset 0
16 MiB, X ops; XX:XX:XX.X (XXX YYY/sec and XXX ops/sec)

== rewriting whole image ==
wrote 16777216/16777216 bytes at offset 0
16 MiB, X ops; XX:XX:XX.X (XXX YYY/sec and XXX ops/sec)

== verify pattern ==
read 16777216/16777216 bytes at offset 0
16 MiB, X ops; XX:XX:XX.X (XXX YYY/sec and XXX ops/sec)

== verify open failure with wrong password ==
can't open: Invalid password, cannot unlock any keyslot
no file open, try 'help open'
*** done
