QA output created by 179

=== Testing write zeroes with unmap ===

Formatting 'TEST_DIR/t.IMGFMT.base', fmt=IMGFMT size=16777216
Formatting 'TEST_DIR/t.IMGFMT', fmt=IMGFMT size=16777216 backing_file=TEST_DIR/t.IMGFMT.base
wrote 1048576/1048576 bytes at offset 1048576
1 MiB, X ops; XX:XX:XX.X (XXX YYY/sec and XXX ops/sec)
wrote 1048576/1048576 bytes at offset 3145728
1 MiB, X ops; XX:XX:XX.X (XXX YYY/sec and XXX ops/sec)
wrote 1048576/1048576 bytes at offset 3145728
1 MiB, X ops; XX:XX:XX.X (XXX YYY/sec and XXX ops/sec)
[{ "start": 0, "length": 16777216, "depth": 1, "zero": true, "data": false}]
wrote 1048576/1048576 bytes at offset 5242880
1 MiB, X ops; XX:XX:XX.X (XXX YYY/sec and XXX ops/sec)
2048/2048 sectors allocated at offset 5 MiB
wrote 1048576/1048576 bytes at offset 7340032
1 MiB, X ops; XX:XX:XX.X (XXX YYY/sec and XXX ops/sec)
2048/2048 sectors allocated at offset 7 MiB
No errors were found on the image.
No errors were found on the image.
*** done
