QA output created by 183
Formatting 'TEST_DIR/t.IMGFMT', fmt=IMGFMT size=67108864
Formatting 'TEST_DIR/t.IMGFMT.dest', fmt=IMGFMT size=67108864

=== Starting VMs ===


=== Write something on the source ===

QEMU X.Y.Z monitor - type 'help' for more information
(qemu) qemu-io disk "write -P 0x55 0 64k"
wrote 65536/65536 bytes at offset 0
64 KiB, X ops; XX:XX:XX.X (XXX YYY/sec and XXX ops/sec)
(qemu) qemu-io disk "read -P 0x55 0 64k"
read 65536/65536 bytes at offset 0
64 KiB, X ops; XX:XX:XX.X (XXX YYY/sec and XXX ops/sec)

=== Do block migration to destination ===

(qemu) migrate -b unix:TEST_DIR/migrate

(qemu) info migrate
Migration status: completed

=== Do some I/O on the destination ===

QEMU X.Y.Z monitor - type 'help' for more information
(qemu) Receiving block device images

info status
VM status: running
(qemu) qemu-io disk "read -P 0x55 0 64k"
read 65536/65536 bytes at offset 0
64 KiB, X ops; XX:XX:XX.X (XXX YYY/sec and XXX ops/sec)
(qemu) qemu-io disk "write -P 0x66 1M 64k"
wrote 65536/65536 bytes at offset 1048576
64 KiB, X ops; XX:XX:XX.X (XXX YYY/sec and XXX ops/sec)

=== Shut down and check image ===

(qemu) quit
(qemu) quit
No errors were found on the image.
No errors were found on the image.
wrote 65536/65536 bytes at offset 1048576
64 KiB, X ops; XX:XX:XX.X (XXX YYY/sec and XXX ops/sec)
Images are identical.
*** done
