Launching VM...
Launching NBD server on destination...
{u'return': {}}
Exporting the block device to NBD server...
{u'return': {}}
Stopping the NBD server on destination...
{u'return': {}}
