QA output created by 195
Formatting 'TEST_DIR/t.IMGFMT', fmt=IMGFMT size=67108864
Formatting 'TEST_DIR/t.IMGFMT.dest', fmt=IMGFMT size=67108864

=== Starting VMs ===

{"return": {}}
{"return": {}}

=== Do block migration to destination ===

{"return": {}}

=== Shut down and check image ===

{"return": {}}
No errors were found on the image.
No errors were found on the image.
*** done
