QA output created by 198
Formatting 'TEST_DIR/t.IMGFMT', fmt=IMGFMT size=1073741824

== Test discarded cluster reuse ==
wrote 65536/65536 bytes at offset XXX
64 KiB, X ops; XX:XX:XX.X (XXX YYY/sec and XXX ops/sec)
discard 65536/65536 bytes at offset XXX
64 KiB, X ops; XX:XX:XX.X (XXX YYY/sec and XXX ops/sec)
wrote 32768/32768 bytes at offset XXX
32 KiB, X ops; XX:XX:XX.X (XXX YYY/sec and XXX ops/sec)

== Test preallocation ==
blkdebug: Suspended request 'A'
blkdebug: Suspended request 'B'
blkdebug: Resuming request 'B'
blkdebug: Resuming request 'A'
wrote 4096/4096 bytes at offset XXX
4 KiB, X ops; XX:XX:XX.X (XXX YYY/sec and XXX ops/sec)
wrote 4096/4096 bytes at offset XXX
4 KiB, X ops; XX:XX:XX.X (XXX YYY/sec and XXX ops/sec)
wrote 4096/4096 bytes at offset XXX
4 KiB, X ops; XX:XX:XX.X (XXX YYY/sec and XXX ops/sec)

== Verify image content ==
read 65536/65536 bytes at offset XXX
64 KiB, X ops; XX:XX:XX.X (XXX YYY/sec and XXX ops/sec)
read 32768/32768 bytes at offset XXX
32 KiB, X ops; XX:XX:XX.X (XXX YYY/sec and XXX ops/sec)
read 49152/49152 bytes at offset XXX
48 KiB, X ops; XX:XX:XX.X (XXX YYY/sec and XXX ops/sec)
read 32768/32768 bytes at offset XXX
32 KiB, X ops; XX:XX:XX.X (XXX YYY/sec and XXX ops/sec)
read 16384/16384 bytes at offset XXX
16 KiB, X ops; XX:XX:XX.X (XXX YYY/sec and XXX ops/sec)
read 4096/4096 bytes at offset XXX
4 KiB, X ops; XX:XX:XX.X (XXX YYY/sec and XXX ops/sec)
read 61440/61440 bytes at offset XXX
60 KiB, X ops; XX:XX:XX.X (XXX YYY/sec and XXX ops/sec)
read 4096/4096 bytes at offset XXX
4 KiB, X ops; XX:XX:XX.X (XXX YYY/sec and XXX ops/sec)
read 61440/61440 bytes at offset XXX
60 KiB, X ops; XX:XX:XX.X (XXX YYY/sec and XXX ops/sec)
read 4096/4096 bytes at offset XXX
4 KiB, X ops; XX:XX:XX.X (XXX YYY/sec and XXX ops/sec)
read 4096/4096 bytes at offset XXX
4 KiB, X ops; XX:XX:XX.X (XXX YYY/sec and XXX ops/sec)
read 57344/57344 bytes at offset XXX
56 KiB, X ops; XX:XX:XX.X (XXX YYY/sec and XXX ops/sec)
No errors were found on the image.
*** done
