QA output created by 236

== Testing conversion to raw should success ==
*** done
