QA output created by 241

=== Exporting unaligned raw image ===

[{ "start": 0, "length": 1000, "depth": 0, "zero": false, "data": true},
{ "start": 1000, "length": 24, "depth": 0, "zero": true, "data": true}]
1 KiB (0x400) bytes     allocated at offset 0 bytes (0x0)
*** done
