wrote 1048576/1048576 bytes at offset 0
1 MiB, X ops; XX:XX:XX.X (XXX YYY/sec and XXX ops/sec)

{"execute": "drive-mirror", "arguments": {"device": "drive0", "sync": "full", "target": "TEST_DIR/PID-target"}}
{"return": {}}
{"data": {"device": "drive0", "len": 1048576, "offset": 1048576, "speed": 0, "type": "mirror"}, "event": "BLOCK_JOB_READY", "timestamp": {"microseconds": "USECS", "seconds": "SECS"}}
{"execute": "block-job-complete", "arguments": {"device": "drive0"}}
{"return": {}}
read 1048576/1048576 bytes at offset 0
1 MiB, X ops; XX:XX:XX.X (XXX YYY/sec and XXX ops/sec)

-- finish --
