=== Target image info ===
image: nbd+unix:///exp?socket=SOCK_DIR/PID-nbd-sock
file format: raw
virtual size: 446 KiB (457216 bytes)
disk size: unavailable

=== Converted image info ===
image: nbd+unix:///exp?socket=SOCK_DIR/PID-nbd-sock
file format: qcow2
virtual size: 10 MiB (10485760 bytes)
disk size: unavailable
cluster_size: 65536
Format specific information:
    compat: 1.1
    compression type: zlib
    lazy refcounts: false
    refcount bits: 16
    corrupt: false

=== Converted image check ===
No errors were found on the image.
1/160 = 0.62% allocated, 100.00% fragmented, 100.00% compressed clusters
Image end offset: 393216

=== Comparing to source disk ===
Images are identical.

