read 1048576/1048576 bytes at offset 0
1 MiB, X ops; XX:XX:XX.X (XXX YYY/sec and XXX ops/sec)

can't open: Failed to connect socket TEST_DIR/PID-nbd-sock: No such file or directory

